// Jest Snapshot v1, https://goo.gl/fbAQLP

exports[`errorHandle document source 1`] = `
Object {
  "actual": "<?xml version=\\"1.0\\"?>
<!--test-->
<xml/>",
}
`;

exports[`errorHandle test 1`] = `
Object {
  "actual": "<p xmlns=\\"http://www.w3.org/1999/xhtml\\">populaciji (&lt; 0.1%), te se</p>",
  "error": Array [
    "[xmldom error]	element parse error: Error: invalid tagName:
@#[line:1,col:16]",
  ],
}
`;

exports[`errorHandle unclosed tag 1`] = `
Object {
  "actual": "<foo/>",
  "error": Array [
    "[xmldom error]	unexpected end of input
@#[line:1,col:1]",
  ],
  "warning": Array [
    "[xmldom warning]	unclosed xml attribute
@#[line:1,col:1]",
  ],
}
`;
